// Jest Snapshot v1, https://goo.gl/fbAQLP

exports[`<NotificationCenter> should render without crashing 1`] = `
<DocumentFragment>
  .emotion-0 {
  display: -webkit-box;
  display: -webkit-flex;
  display: -ms-flexbox;
  display: flex;
  -webkit-align-items: center;
  -webkit-box-align: center;
  -ms-flex-align: center;
  align-items: center;
  -webkit-transition: all 0.3s;
  transition: all 0.3s;
  cursor: pointer;
}

.emotion-1 {
  width: 44px;
  height: 44px;
  border-radius: 50%;
  position: relative;
  -webkit-transition: all 0.3s;
  transition: all 0.3s;
  display: -webkit-box;
  display: -webkit-flex;
  display: -ms-flexbox;
  display: flex;
  -webkit-align-items: center;
  -webkit-box-align: center;
  -ms-flex-align: center;
  align-items: center;
  -webkit-box-pack: center;
  -ms-flex-pack: center;
  -webkit-justify-content: center;
  justify-content: center;
}

.emotion-1 .shake {
  -webkit-animation: bellshake 0.5s cubic-bezier(0.36, 0.07, 0.19, 0.97) both;
  animation: bellshake 0.5s cubic-bezier(0.36, 0.07, 0.19, 0.97) both;
  -webkit-backface-visibility: hidden;
  backface-visibility: hidden;
  transform-origin: top right;
}

<div>
    <span
      class="emotion-0"
      data-block-outside-click="true"
    >
      <a
        class="emotion-1"
        data-block-outside-click="true"
        href="#"
      >
        <svg
          fill="none"
          height="24"
          viewBox="0 0 24 24"
          width="24"
          xmlns="http://www.w3.org/2000/svg"
        >
          <path
            d="M12 2c-.711 0-1.286.559-1.286 1.25V4c-2.933.578-5.142 3.102-5.142 6.125v.734a7.4 7.4 0 0 1-1.949 4.985l-.297.324a1.23 1.23 0 0 0-.213 1.344c.205.449.667.738 1.173.738h15.429c.506 0 .964-.29 1.173-.738a1.22 1.22 0 0 0-.213-1.344l-.298-.324a7.4 7.4 0 0 1-1.948-4.985v-.734c0-3.023-2.21-5.547-5.143-6.125v-.75C13.286 2.559 12.71 2 12 2m1.82 19.27a2.47 2.47 0 0 0 .752-1.77H9.429c0 .664.269 1.3.751 1.77A2.6 2.6 0 0 0 12 22a2.6 2.6 0 0 0 1.82-.73"
            fill="currentcolor"
          />
        </svg>
      </a>
    </span>
  </div>
</DocumentFragment>
`;
