// Jest Snapshot v1, https://goo.gl/fbAQLP

exports[`<VersionMark> render correctly - snapshot 1`] = `
<DocumentFragment>
  .emotion-0 {
  display: -webkit-box;
  display: -webkit-flex;
  display: -ms-flexbox;
  display: flex;
  -webkit-align-items: center;
  -webkit-box-align: center;
  -ms-flex-align: center;
  align-items: center;
}

.emotion-1 {
  -webkit-flex: 0 0 24px;
  -ms-flex: 0 0 24px;
  flex: 0 0 24px;
}

.emotion-2 {
  -webkit-flex: 1 1 auto;
  -ms-flex: 1 1 auto;
  flex: 1 1 auto;
  padding-left: 12px;
}

.emotion-3 {
  font-family: 'Poppins',sans-serif;
  font-style: normal;
  font-weight: 400;
  font-size: 12px;
  line-height: 18px;
  text-align: center;
  color: #81868C;
}

.emotion-8 {
  -webkit-text-decoration: underline;
  text-decoration: underline;
  font-family: 'Poppins',sans-serif;
  font-style: normal;
  font-weight: 300;
  font-size: 12px;
  line-height: 18px;
  padding-left: 6px;
  cursor: pointer;
}

.emotion-8:hover {
  -webkit-text-decoration: none;
  text-decoration: none;
}

<div>
    <div
      class="emotion-0"
    >
      <div
        class="emotion-1"
      >
        <svg
          fill="none"
          height="24"
          viewBox="0 0 24 16"
          width="24"
          xmlns="http://www.w3.org/2000/svg"
        >
          <path
            clip-rule="evenodd"
            d="M24 9.651c0 1.45-.465 2.785-1.246 3.853v.001c-.954 1.275-2.02 1.787-2.287 1.915l-.037.018c-1.16.56-2.382.582-2.95.554l-.048.001h-.058a678 678 0 0 0-6.006 0c-.875 0-1.94-.005-3.022-.01-1.116-.007-2.25-.013-3.209-.013C2.3 15.97 0 13.56 0 10.586c0-2.973 2.3-5.384 5.137-5.384l.096.002.048.002.001.007.002.006C5.953 2.228 8.514 0 11.57 0c2.064 0 3.9 1.014 5.083 2.592.105.14.276.41.492.773q.394-.057.801-.058C21.29 3.307 24 6.147 24 9.651m-7.765-3.872a.99.99 0 0 1 0 1.349l-4.798 5.092a.86.86 0 0 1-1.272 0L7.763 9.674a.996.996 0 0 1 0-1.349.86.86 0 0 1 1.272 0l1.764 1.87 4.165-4.416a.864.864 0 0 1 1.271 0"
            fill="#52C5A2"
            fill-rule="evenodd"
          />
        </svg>
      </div>
      <div
        class="emotion-2"
      >
        <span
          class="emotion-3"
        >
          Version 2.02
        </span>
      </div>
    </div>
    <div
      class="emotion-0"
    >
      <div
        class="emotion-1"
      >
        <svg
          fill="none"
          height="24"
          viewBox="0 0 24 16"
          width="24"
          xmlns="http://www.w3.org/2000/svg"
        >
          <path
            clip-rule="evenodd"
            d="M24 9.651c0 1.45-.465 2.785-1.246 3.853v.001c-.954 1.275-2.02 1.787-2.287 1.915l-.037.018c-1.16.56-2.382.582-2.95.554l-.048.001h-.058a678 678 0 0 0-6.006 0c-.875 0-1.94-.005-3.022-.01-1.116-.007-2.25-.013-3.209-.013C2.3 15.97 0 13.56 0 10.586c0-2.973 2.3-5.384 5.137-5.384l.096.002.048.002.001.007.002.006C5.953 2.228 8.514 0 11.57 0c2.064 0 3.9 1.014 5.083 2.592.105.14.276.41.492.773q.394-.057.801-.058C21.29 3.307 24 6.147 24 9.651M11.291 4.264a1.08 1.08 0 0 1 1.415 0h.003l3.998 3.6a.84.84 0 0 1 0 1.274 1.08 1.08 0 0 1-1.415 0L13 7.074V12.1c0 .498-.446.9-.999.9s-1-.402-1-.9V7.074L8.709 9.138a1.08 1.08 0 0 1-1.415 0 .84.84 0 0 1 0-1.274z"
            fill="#EAAA43"
            fill-rule="evenodd"
          />
        </svg>
      </div>
      <div
        class="emotion-2"
      >
        <span
          class="emotion-3"
        >
          Version 2.02 • New update is available.
        </span>
        <span
          class="emotion-8"
        >
          Click here!
        </span>
      </div>
    </div>
    <div
      class="emotion-0"
    >
      <div
        class="emotion-1"
      >
        <svg
          fill="none"
          height="24"
          viewBox="0 0 24 16"
          width="24"
          xmlns="http://www.w3.org/2000/svg"
        >
          <path
            clip-rule="evenodd"
            d="M24 9.651c0 1.45-.465 2.785-1.246 3.853v.001c-.954 1.275-2.02 1.787-2.287 1.915l-.037.018c-1.16.56-2.382.582-2.95.554l-.048.001h-.058a678 678 0 0 0-6.006 0c-.875 0-1.94-.005-3.022-.01-1.116-.007-2.25-.013-3.209-.013C2.3 15.97 0 13.56 0 10.586c0-2.973 2.3-5.384 5.137-5.384l.096.002.048.002.001.007.002.006C5.953 2.228 8.514 0 11.57 0c2.064 0 3.9 1.014 5.083 2.592.105.14.276.41.492.773q.394-.057.801-.058C21.29 3.307 24 6.147 24 9.651M11 5a1 1 0 1 1 2 0v4a1 1 0 1 1-2 0zm0 7a1 1 0 1 1 2 0 1 1 0 0 1-2 0"
            fill="#D74E3A"
            fill-rule="evenodd"
          />
        </svg>
      </div>
      <div
        class="emotion-2"
      >
        <span
          class="emotion-3"
        >
          Version 2.02 • New update is available.
        </span>
        <span
          class="emotion-8"
        >
          Click here!
        </span>
      </div>
    </div>
  </div>
</DocumentFragment>
`;
