// Jest Snapshot v1, https://goo.gl/fbAQLP

exports[`Logo renders without crashing 1`] = `
<DocumentFragment>
  <img
    alt=""
    class="emotion-0"
    height="50px"
    id="main-app-logo"
    src="logo.png"
    width="50px"
  />
</DocumentFragment>
`;
