// Jest Snapshot v1, https://goo.gl/fbAQLP

exports[`<Header> render correctly - snapshot 1`] = `
<DocumentFragment>
  .emotion-0 {
  background-color: #fff;
  height: 85px;
  padding: 20px 40px;
  box-sizing: border-box;
  display: -webkit-box;
  display: -webkit-flex;
  display: -ms-flexbox;
  display: flex;
  -webkit-align-items: center;
  -webkit-box-align: center;
  -ms-flex-align: center;
  align-items: center;
  -webkit-box-pack: justify;
  -webkit-justify-content: space-between;
  justify-content: space-between;
  border-bottom: 1px solid #e6e9ed;
}

.emotion-1 {
  display: -webkit-box;
  display: -webkit-flex;
  display: -ms-flexbox;
  display: flex;
  -webkit-align-items: center;
  -webkit-box-align: center;
  -ms-flex-align: center;
  align-items: center;
}

.emotion-2 {
  padding-left: 35px;
}

.emotion-3 {
  display: -webkit-box;
  display: -webkit-flex;
  display: -ms-flexbox;
  display: flex;
}

.emotion-4 {
  list-style: none;
  padding: 0;
  margin: 0;
  display: -webkit-box;
  display: -webkit-flex;
  display: -ms-flexbox;
  display: flex;
}

.emotion-5 {
  display: -webkit-box;
  display: -webkit-flex;
  display: -ms-flexbox;
  display: flex;
  -webkit-align-items: stretch;
  -webkit-box-align: stretch;
  -ms-flex-align: stretch;
  align-items: stretch;
}

.emotion-6 {
  padding-left: 12px;
  display: -webkit-box;
  display: -webkit-flex;
  display: -ms-flexbox;
  display: flex;
}

.emotion-7 {
  width: 44px;
  height: 44px;
  -webkit-flex: 0 0 44px;
  -ms-flex: 0 0 44px;
  flex: 0 0 44px;
  margin-right: 12px;
}

.emotion-7 img {
  border-radius: 50%;
  width: 100%;
  height: auto;
}

.emotion-8 {
  font-family: 'Poppins',sans-serif;
  font-style: normal;
  font-weight: 500;
  font-size: 16px;
  line-height: 160%;
  color: #0a2965;
}

<div
    class="emotion-0"
  >
    <div
      class="emotion-1"
    >
      <div
        id="header-icon-collapse-portal-target"
      />
      <div
        class="emotion-2"
      >
        <div
          id="breadcrumbsPortalTarget"
        />
      </div>
    </div>
    <div
      class="emotion-3"
    >
      <ul
        class="emotion-4"
      />
      <div>
        <div
          class="emotion-5"
        >
          <div
            class="emotion-6"
          >
            <div
              class="emotion-7"
            >
              <div
                class=" sb-avatar"
                style="display: inline-block; vertical-align: middle; width: 44px; height: 44px; border-radius: 50%; font-family: Helvetica, Arial, sans-serif;"
              >
                <div
                  class=" sb-avatar__text"
                  style="width: 44px; height: 44px; line-height: initial; text-align: center; color: rgb(255, 255, 255); background: rgb(37, 88, 151); border-radius: 50%;"
                >
                  <div
                    style="display: table; table-layout: fixed; width: 100%; height: 100%;"
                  >
                    <span
                      style="display: table-cell; vertical-align: middle; font-size: 100%; white-space: nowrap;"
                    >
                      <span />
                    </span>
                  </div>
                </div>
              </div>
            </div>
            <div>
              <div
                class="emotion-8"
              />
            </div>
          </div>
        </div>
      </div>
    </div>
  </div>
</DocumentFragment>
`;
