// Jest Snapshot v1, https://goo.gl/fbAQLP

exports[`<ConditionalWrapper> render correctly - snapshot 1`] = `
<DocumentFragment>
  <div>
    <div>
      inner content
    </div>
    <div>
      <div>
        inner content
      </div>
    </div>
  </div>
</DocumentFragment>
`;
