// Jest Snapshot v1, https://goo.gl/fbAQLP

exports[`<Icon> render correctly - snapshot 1`] = `
<DocumentFragment>
  .emotion-0 {
  display: -webkit-box;
  display: -webkit-flex;
  display: -ms-flexbox;
  display: flex;
  -webkit-align-items: center;
  -webkit-box-align: center;
  -ms-flex-align: center;
  align-items: center;
  -webkit-box-pack: center;
  -ms-flex-pack: center;
  -webkit-justify-content: center;
  justify-content: center;
}

<div>
    <div
      class="emotion-0"
      data-icon=""
      style="width: 16px; height: 16px;"
    />
    <div
      class="emotion-0"
      data-icon=""
      style="width: 16px; height: 16px;"
    />
    <div
      class="emotion-0"
      data-icon=""
      style="width: 16px; height: 16px;"
    />
    <div
      class="emotion-0"
      data-icon=""
      style="width: 16px; height: 16px;"
    />
    <div
      class="emotion-0"
      data-icon=""
      style="width: 16px; height: 16px;"
    />
    <div
      class="emotion-0"
      data-icon=""
      style="width: 16px; height: 16px;"
    />
    <div
      class="emotion-0"
      data-icon=""
      style="width: 16px; height: 16px;"
    />
    <div
      class="emotion-0"
      data-icon=""
      style="width: 16px; height: 16px;"
    />
    <div
      class="emotion-0"
      data-icon=""
      style="width: 16px; height: 16px;"
    />
    <div
      class="emotion-0"
      data-icon=""
      style="width: 16px; height: 16px;"
    />
    <div
      class="emotion-0"
      data-icon=""
      style="width: 16px; height: 16px;"
    />
    <div
      class="emotion-0"
      data-icon=""
      style="width: 16px; height: 16px;"
    />
    <div
      class="emotion-0"
      data-icon=""
      style="width: 16px; height: 16px;"
    />
    <div
      class="emotion-0"
      data-icon=""
      style="width: 16px; height: 16px;"
    />
    <div
      class="emotion-0"
      data-icon=""
      style="width: 16px; height: 16px;"
    />
    <div
      class="emotion-0"
      data-icon=""
      style="width: 16px; height: 16px;"
    />
    <div
      class="emotion-0"
      data-icon=""
      style="width: 16px; height: 16px;"
    />
    <div
      class="emotion-0"
      data-icon=""
      style="width: 16px; height: 16px;"
    />
    <div
      class="emotion-0"
      data-icon=""
      style="width: 16px; height: 16px;"
    />
    <div
      class="emotion-0"
      data-icon=""
      style="width: 16px; height: 16px;"
    />
    <div
      class="emotion-0"
      data-icon=""
      style="width: 16px; height: 16px;"
    />
    <div
      class="emotion-0"
      data-icon=""
      style="width: 16px; height: 16px;"
    />
    <div
      class="emotion-0"
      data-icon=""
      style="width: 16px; height: 16px;"
    />
    <div
      class="emotion-0"
      data-icon=""
      style="width: 16px; height: 16px;"
    />
    <div
      class="emotion-0"
      data-icon=""
      style="width: 16px; height: 16px;"
    />
    <div
      class="emotion-0"
      data-icon=""
      style="width: 16px; height: 16px;"
    />
    <div
      class="emotion-0"
      data-icon=""
      style="width: 16px; height: 16px;"
    />
    <div
      class="emotion-0"
      data-icon=""
      style="width: 16px; height: 16px;"
    />
    <div
      class="emotion-0"
      data-icon=""
      style="width: 16px; height: 16px;"
    />
    <div
      class="emotion-0"
      data-icon=""
      style="width: 16px; height: 16px;"
    />
    <div
      class="emotion-0"
      data-icon=""
      style="width: 16px; height: 16px;"
    />
    <div
      class="emotion-0"
      data-icon=""
      style="width: 16px; height: 16px;"
    />
    <div
      class="emotion-0"
      data-icon=""
      style="width: 16px; height: 16px;"
    />
    <div
      class="emotion-0"
      data-icon=""
      style="width: 16px; height: 16px;"
    />
    <div
      class="emotion-0"
      data-icon=""
      style="width: 16px; height: 16px;"
    />
    <div
      class="emotion-0"
      data-icon=""
      style="width: 16px; height: 16px;"
    />
    <div
      class="emotion-0"
      data-icon=""
      style="width: 16px; height: 16px;"
    />
    <div
      class="emotion-0"
      data-icon=""
      style="width: 16px; height: 16px;"
    />
    <div
      class="emotion-0"
      data-icon=""
      style="width: 16px; height: 16px;"
    />
    <div
      class="emotion-0"
      data-icon=""
      style="width: 16px; height: 16px;"
    />
    <div
      class="emotion-0"
      data-icon=""
      style="width: 16px; height: 16px;"
    />
    <div
      class="emotion-0"
      data-icon=""
      style="width: 16px; height: 16px;"
    />
    <div
      class="emotion-0"
      data-icon=""
      style="width: 16px; height: 16px;"
    />
    <div
      class="emotion-0"
      data-icon=""
      style="width: 16px; height: 16px;"
    />
    <div
      class="emotion-0"
      data-icon=""
      style="width: 16px; height: 16px;"
    />
    <div
      class="emotion-0"
      data-icon=""
      style="width: 16px; height: 16px;"
    />
    <div
      class="emotion-0"
      data-icon=""
      style="width: 16px; height: 16px;"
    />
    <div
      class="emotion-0"
      data-icon=""
      style="width: 16px; height: 16px;"
    />
    <div
      class="emotion-0"
      data-icon=""
      style="width: 16px; height: 16px;"
    />
    <div
      class="emotion-0"
      data-icon=""
      style="width: 16px; height: 16px;"
    />
    <div
      class="emotion-0"
      data-icon=""
      style="width: 16px; height: 16px;"
    />
    <div
      class="emotion-0"
      data-icon=""
      style="width: 16px; height: 16px;"
    />
    <div
      class="emotion-0"
      data-icon=""
      style="width: 16px; height: 16px;"
    />
    <div
      class="emotion-0"
      data-icon=""
      style="width: 16px; height: 16px;"
    />
    <div
      class="emotion-0"
      data-icon=""
      style="width: 16px; height: 16px;"
    />
    <div
      class="emotion-0"
      data-icon=""
      style="width: 16px; height: 16px;"
    />
    <div
      class="emotion-0"
      data-icon=""
      style="width: 16px; height: 16px;"
    />
    <div
      class="emotion-0"
      data-icon=""
      style="width: 16px; height: 16px;"
    />
    <div
      class="emotion-0"
      data-icon=""
      style="width: 16px; height: 16px;"
    />
  </div>
</DocumentFragment>
`;
