// Jest Snapshot v1, https://goo.gl/fbAQLP

exports[`<Badge> render correctly - snapshot 1`] = `
<DocumentFragment>
  <span
    class="badge rounded-pill bg-primary"
  >
    Badge test
  </span>
</DocumentFragment>
`;
