// Jest Snapshot v1, https://goo.gl/fbAQLP

exports[`CaPoolModalContent component renders without crashing when data is empty 1`] = `
<DocumentFragment>
  .emotion-0 {
  display: -webkit-box;
  display: -webkit-flex;
  display: -ms-flexbox;
  display: flex;
  -webkit-box-flex-wrap: wrap;
  -webkit-flex-wrap: wrap;
  -ms-flex-wrap: wrap;
  flex-wrap: wrap;
  margin-left: -16px;
  margin-right: -16px;
  box-sizing: border-box;
}

.emotion-0>* {
  padding-left: 16px;
  padding-right: 16px;
}

.emotion-1 {
  -webkit-flex-shrink: 0;
  -ms-flex-negative: 0;
  flex-shrink: 0;
  width: 100%;
  max-width: 100%;
  position: relative;
  box-sizing: border-box;
  -webkit-flex: 0 0 auto;
  -ms-flex: 0 0 auto;
  flex: 0 0 auto;
  width: 100%;
}

<div
    class="emotion-0"
    style="width: calc(100% + 16px); height: 100%; overflow: hidden;"
  >
    <div
      class="emotion-1"
      style="height: 100%; overflow: auto; max-height: 800px;"
    />
  </div>
</DocumentFragment>
`;
