// Jest Snapshot v1, https://goo.gl/fbAQLP

exports[`<FormInput> render correctly - snapshot 1`] = `
<DocumentFragment>
  .emotion-0 {
  font-family: 'Poppins',sans-serif;
  font-style: normal;
  font-weight: 400;
  font-size: 14px;
  border: 1px solid;
  border-radius: 8px;
  display: block;
  width: 100%;
  padding: 0 16px;
  -webkit-transition: all 0.25s;
  transition: all 0.25s;
  box-sizing: border-box;
  height: 44px;
}

.emotion-0::-webkit-input-placeholder {
  opacity: 1;
}

.emotion-0::-moz-placeholder {
  opacity: 1;
}

.emotion-0:-ms-input-placeholder {
  opacity: 1;
}

.emotion-0::placeholder {
  opacity: 1;
}

.emotion-0:focus {
  border-color: !important;
  outline: none;
}

.emotion-0::-ms-reveal,
.emotion-0::-ms-clear {
  display: none;
}

.emotion-0::-webkit-outer-spin-button,
.emotion-0::-webkit-inner-spin-button {
  -webkit-appearance: none;
  margin: 0;
}

.emotion-0[type='number'] {
  -moz-appearance: textfield;
}

.emotion-2 {
  font-family: 'Poppins',sans-serif;
  font-style: normal;
  font-weight: 400;
  font-size: 14px;
  border: 1px solid;
  border-radius: 8px;
  display: block;
  width: 100%;
  padding: 0 16px;
  -webkit-transition: all 0.25s;
  transition: all 0.25s;
  box-sizing: border-box;
  cursor: not-allowed;
  height: 44px;
}

.emotion-2::-webkit-input-placeholder {
  opacity: 1;
}

.emotion-2::-moz-placeholder {
  opacity: 1;
}

.emotion-2:-ms-input-placeholder {
  opacity: 1;
}

.emotion-2::placeholder {
  opacity: 1;
}

.emotion-2:focus {
  border-color: !important;
  outline: none;
}

.emotion-2::-ms-reveal,
.emotion-2::-ms-clear {
  display: none;
}

.emotion-2::-webkit-outer-spin-button,
.emotion-2::-webkit-inner-spin-button {
  -webkit-appearance: none;
  margin: 0;
}

.emotion-2[type='number'] {
  -moz-appearance: textfield;
}

.emotion-3 {
  font-family: 'Poppins',sans-serif;
  font-style: normal;
  font-weight: 400;
  font-size: 14px;
  border: 1px solid;
  border-radius: 8px;
  display: block;
  width: 100%;
  padding: 0 16px;
  -webkit-transition: all 0.25s;
  transition: all 0.25s;
  box-sizing: border-box;
  border-color: !important;
  height: 44px;
}

.emotion-3::-webkit-input-placeholder {
  opacity: 1;
}

.emotion-3::-moz-placeholder {
  opacity: 1;
}

.emotion-3:-ms-input-placeholder {
  opacity: 1;
}

.emotion-3::placeholder {
  opacity: 1;
}

.emotion-3:focus {
  border-color: !important;
  outline: none;
}

.emotion-3::-ms-reveal,
.emotion-3::-ms-clear {
  display: none;
}

.emotion-3::-webkit-outer-spin-button,
.emotion-3::-webkit-inner-spin-button {
  -webkit-appearance: none;
  margin: 0;
}

.emotion-3[type='number'] {
  -moz-appearance: textfield;
}

.emotion-4 {
  position: relative;
  width: 100%;
}

.emotion-5 {
  font-family: 'Poppins',sans-serif;
  font-style: normal;
  font-weight: 400;
  font-size: 14px;
  border: 1px solid;
  border-radius: 8px;
  display: block;
  width: 100%;
  padding: 0 16px;
  -webkit-transition: all 0.25s;
  transition: all 0.25s;
  box-sizing: border-box;
  padding-right: 48px;
  height: 44px;
}

.emotion-5::-webkit-input-placeholder {
  opacity: 1;
}

.emotion-5::-moz-placeholder {
  opacity: 1;
}

.emotion-5:-ms-input-placeholder {
  opacity: 1;
}

.emotion-5::placeholder {
  opacity: 1;
}

.emotion-5:focus {
  border-color: !important;
  outline: none;
}

.emotion-5::-ms-reveal,
.emotion-5::-ms-clear {
  display: none;
}

.emotion-5::-webkit-outer-spin-button,
.emotion-5::-webkit-inner-spin-button {
  -webkit-appearance: none;
  margin: 0;
}

.emotion-5[type='number'] {
  -moz-appearance: textfield;
}

.emotion-6 {
  cursor: pointer;
  -webkit-transition: all 0.25ms;
  transition: all 0.25ms;
  position: absolute;
  right: 12px;
  top: 50%;
  -webkit-transform: translateY(-50%);
  -moz-transform: translateY(-50%);
  -ms-transform: translateY(-50%);
  transform: translateY(-50%);
  width: 24px;
  height: 24px;
  display: -webkit-box;
  display: -webkit-flex;
  display: -ms-flexbox;
  display: flex;
  -webkit-align-items: center;
  -webkit-box-align: center;
  -ms-flex-align: center;
  align-items: center;
  -webkit-box-pack: center;
  -ms-flex-pack: center;
  -webkit-justify-content: center;
  justify-content: center;
  z-index: 2;
}

.emotion-6 svg {
  width: 24px;
  height: 24px;
}

.emotion-9 {
  cursor: pointer;
  -webkit-transition: all 0.25ms;
  transition: all 0.25ms;
  position: absolute;
  right: 12px;
  top: 50%;
  -webkit-transform: translateY(-50%);
  -moz-transform: translateY(-50%);
  -ms-transform: translateY(-50%);
  transform: translateY(-50%);
  width: 24px;
  height: 24px;
  display: -webkit-box;
  display: -webkit-flex;
  display: -ms-flexbox;
  display: flex;
  -webkit-align-items: center;
  -webkit-box-align: center;
  -ms-flex-align: center;
  align-items: center;
  -webkit-box-pack: center;
  -ms-flex-pack: center;
  -webkit-justify-content: center;
  justify-content: center;
  z-index: 2;
}

.emotion-9 svg {
  width: 24px;
  height: 24px;
}

.emotion-14 {
  position: absolute;
  left: 12px;
  top: 12px;
  height: 24px;
  border-right: 1px solid;
  display: -webkit-box;
  display: -webkit-flex;
  display: -ms-flexbox;
  display: flex;
  -webkit-align-items: center;
  -webkit-box-align: center;
  -ms-flex-align: center;
  align-items: center;
}

.emotion-15 {
  font-family: 'Poppins',sans-serif;
  font-style: normal;
  font-weight: 400;
  font-size: 14px;
  padding: 0 10px 0 8px;
  -webkit-user-select: none;
  -moz-user-select: none;
  -ms-user-select: none;
  user-select: none;
}

.emotion-16 {
  font-family: 'Poppins',sans-serif;
  font-style: normal;
  font-weight: 400;
  font-size: 14px;
  border: 1px solid;
  border-radius: 8px;
  display: block;
  width: 100%;
  padding: 0 16px;
  -webkit-transition: all 0.25s;
  transition: all 0.25s;
  box-sizing: border-box;
  padding-left: 100px;
  height: 44px;
}

.emotion-16::-webkit-input-placeholder {
  opacity: 1;
}

.emotion-16::-moz-placeholder {
  opacity: 1;
}

.emotion-16:-ms-input-placeholder {
  opacity: 1;
}

.emotion-16::placeholder {
  opacity: 1;
}

.emotion-16:focus {
  border-color: !important;
  outline: none;
}

.emotion-16::-ms-reveal,
.emotion-16::-ms-clear {
  display: none;
}

.emotion-16::-webkit-outer-spin-button,
.emotion-16::-webkit-inner-spin-button {
  -webkit-appearance: none;
  margin: 0;
}

.emotion-16[type='number'] {
  -moz-appearance: textfield;
}

<div>
    <h3>
      Placeholder
    </h3>
    <input
      class="emotion-0"
      name=""
      placeholder="Placeholder text"
      tabindex="1"
      type="text"
      value=""
    />
    <br />
    <h3>
      Default text
    </h3>
    <input
      class="emotion-0"
      name=""
      tabindex="1"
      type="text"
      value="Default value text"
    />
    <br />
    <h3>
      Disabled
    </h3>
    <input
      class="emotion-2"
      disabled=""
      name=""
      tabindex="1"
      type="text"
      value="Default value text"
    />
    <br />
    <h3>
      Error
    </h3>
    <input
      aria-invalid="true"
      class="emotion-3"
      name=""
      tabindex="1"
      type="text"
      value="Default value text"
    />
    <br />
    <h3>
      Password
    </h3>
    <form
      action=""
    >
      <div
        class="emotion-4"
      >
        <input
          class="emotion-5"
          name="new-password"
          tabindex="1"
          type="password"
          value="Text"
        />
        <span
          class="emotion-6"
        >
          <svg
            fill="none"
            height="24"
            viewBox="0 0 25 24"
            width="24"
            xmlns="http://www.w3.org/2000/svg"
          >
            <path
              d="M12 2.375c-3.367 0-6.063 1.581-8.025 3.463-1.95 1.865-3.254 4.1-3.87 5.634-.138.339-.138.717 0 1.056.616 1.534 1.92 3.769 3.87 5.634 1.962 1.882 4.658 3.463 8.025 3.463s6.062-1.581 8.025-3.463c1.95-1.87 3.254-4.1 3.875-5.633.137-.34.137-.718 0-1.057-.62-1.534-1.925-3.769-3.875-5.634C18.062 3.956 15.367 2.375 12 2.375M18 12c0 3.416-2.688 6.188-6 6.188-3.313 0-6-2.772-6-6.188s2.687-6.187 6-6.187c3.312 0 6 2.771 6 6.187m-6-2.75C12 10.767 10.804 12 9.333 12c-.479 0-.929-.129-1.316-.36-.009.12-.017.235-.017.36 0 2.277 1.792 4.125 4 4.125s4-1.848 4-4.125-1.792-4.125-4-4.125q-.175-.001-.35.017c.22.4.35.864.35 1.358"
              fill="currentcolor"
            />
          </svg>
        </span>
      </div>
    </form>
    <br />
    <h3>
      Copy
    </h3>
    <div
      class="emotion-4"
    >
      <input
        class="emotion-5"
        name=""
        tabindex="1"
        type="text"
        value="Text"
      />
      <span
        class="emotion-9"
      >
        <svg
          fill="none"
          height="24"
          viewBox="0 0 24 24"
          width="24"
          xmlns="http://www.w3.org/2000/svg"
        >
          <path
            d="M10.75 2a2.5 2.5 0 0 0-2.5 2.5v8.75c0 1.379 1.121 2.5 2.5 2.5h8.75c1.379 0 2.5-1.121 2.5-2.5V4.5C22 3.121 20.879 2 19.5 2zM4.5 8.25a2.5 2.5 0 0 0-2.5 2.5v8.75C2 20.879 3.121 22 4.5 22h8.75c1.379 0 2.5-1.121 2.5-2.5V17h-2.5v2.5H4.5v-8.75H7v-2.5z"
            fill="currentcolor"
          />
        </svg>
      </span>
    </div>
    <br />
    <h3>
      Copy secret
    </h3>
    <form
      action=""
    >
      <div
        class="emotion-4"
      >
        <input
          class="emotion-5"
          name="new-password"
          tabindex="1"
          type="password"
          value="Text"
        />
        <span
          class="emotion-9"
        >
          <svg
            fill="none"
            height="24"
            viewBox="0 0 24 24"
            width="24"
            xmlns="http://www.w3.org/2000/svg"
          >
            <path
              d="M10.75 2a2.5 2.5 0 0 0-2.5 2.5v8.75c0 1.379 1.121 2.5 2.5 2.5h8.75c1.379 0 2.5-1.121 2.5-2.5V4.5C22 3.121 20.879 2 19.5 2zM4.5 8.25a2.5 2.5 0 0 0-2.5 2.5v8.75C2 20.879 3.121 22 4.5 22h8.75c1.379 0 2.5-1.121 2.5-2.5V17h-2.5v2.5H4.5v-8.75H7v-2.5z"
              fill="currentcolor"
            />
          </svg>
        </span>
      </div>
    </form>
    <br />
    <h3>
      Phone
    </h3>
    <div
      class="emotion-4"
    >
      <div
        class="emotion-14"
      >
        <svg
          fill="none"
          height="16"
          viewBox="0 0 20 20"
          width="16"
          xmlns="http://www.w3.org/2000/svg"
        >
          <path
            d="M10 18.333A8.333 8.333 0 0 0 18.333 10 8.333 8.333 0 0 0 10 1.667 8.333 8.333 0 0 0 1.667 10 8.333 8.333 0 0 0 10 18.333m-.781-5.468V10.78H7.135a.78.78 0 0 1-.78-.78.78.78 0 0 1 .78-.782H9.22V7.136A.78.78 0 0 1 10 6.354a.78.78 0 0 1 .781.782v2.083h2.084a.78.78 0 0 1 .78.781.78.78 0 0 1-.78.781H10.78v2.084a.78.78 0 0 1-.781.78.78.78 0 0 1-.781-.78"
            fill="currentcolor"
          />
        </svg>
        <span
          class="emotion-15"
        >
          +421
        </span>
      </div>
      <input
        class="emotion-16"
        name=""
        pattern="[0-9]{3}-[0-9]{2}-[0-9]{3}"
        tabindex="1"
        type="tel"
        value="Text"
      />
    </div>
    <br />
    <h3>
      Normal size
    </h3>
    <input
      class="emotion-0"
      name=""
      tabindex="1"
      type="text"
      value="Normal size"
    />
  </div>
</DocumentFragment>
`;
