// Jest Snapshot v1, https://goo.gl/fbAQLP

exports[`Content Component renders headline correctly 1`] = `
<DocumentFragment>
  .emotion-0 {
  background: #FFFFFF;
  padding: 24px 40px 0 24px;
}

.emotion-1 {
  display: -webkit-box;
  display: -webkit-flex;
  display: -ms-flexbox;
  display: flex;
  -webkit-box-pack: justify;
  -webkit-justify-content: space-between;
  justify-content: space-between;
  -webkit-align-items: center;
  -webkit-box-align: center;
  -ms-flex-align: center;
  align-items: center;
  padding-bottom: 16px;
}

.emotion-2 {
  display: -webkit-box;
  display: -webkit-flex;
  display: -ms-flexbox;
  display: flex;
  -webkit-align-items: center;
  -webkit-box-align: center;
  -ms-flex-align: center;
  align-items: center;
  -webkit-flex: 1 1 auto;
  -ms-flex: 1 1 auto;
  flex: 1 1 auto;
}

.emotion-3 {
  color: #0A2965;
  font-family: 'Circular Pro',sans-serif;
  font-weight: 700;
  font-style: normal;
  font-size: 24px;
  line-height: 30px;
  letter-spacing: -0.5px;
  margin: 0;
  color: #0A2965;
}

@media (max-width: 767px) {
  .emotion-3 {
    font-size: 20px;
    line-height: 24px;
  }
}

<div
    class="emotion-0"
  >
    <div
      class="emotion-1"
    >
      <div
        class="emotion-2"
      >
        <h4
          class="h4 emotion-3"
        >
          Test Headline
        </h4>
      </div>
    </div>
  </div>
</DocumentFragment>
`;
