// Jest Snapshot v1, https://goo.gl/fbAQLP

exports[`<ConditionFilter> render correctly - snapshot 1`] = `
<DocumentFragment>
  .emotion-0 {
  border-radius: 8px;
  border: 1px solid #E6E9ED;
  overflow: hidden;
}

.emotion-1 {
  padding: 16px 24px;
  display: -webkit-box;
  display: -webkit-flex;
  display: -ms-flexbox;
  display: flex;
  -webkit-align-items: center;
  -webkit-box-align: center;
  -ms-flex-align: center;
  align-items: center;
  -webkit-box-pack: justify;
  -webkit-justify-content: space-between;
  justify-content: space-between;
  cursor: pointer;
  background: #FFFFFF;
}

.emotion-1:hover {
  background: #F6F7F9;
}

.emotion-1:hover .expander {
  color: #2261AE;
}

.emotion-2 {
  display: -webkit-box;
  display: -webkit-flex;
  display: -ms-flexbox;
  display: flex;
  -webkit-align-items: center;
  -webkit-box-align: center;
  -ms-flex-align: center;
  align-items: center;
  gap: 8px;
}

.emotion-3 {
  font: 'Circular Pro',sans-serif;
  font-size: 16px;
  font-style: normal;
  font-weight: 700;
  line-height: 150%;
  letter-spacing: -0.5px;
  color: #0A2965;
  display: -webkit-box;
  display: -webkit-flex;
  display: -ms-flexbox;
  display: flex;
  -webkit-align-items: center;
  -webkit-box-align: center;
  -ms-flex-align: center;
  align-items: center;
}

.emotion-4 {
  display: -webkit-inline-box;
  display: -webkit-inline-flex;
  display: -ms-inline-flexbox;
  display: inline-flex;
  -webkit-flex-direction: row;
  -ms-flex-direction: row;
  flex-direction: row;
  -webkit-align-items: center;
  -webkit-box-align: center;
  -ms-flex-align: center;
  align-items: center;
  padding: 1px 10px;
  gap: 10px;
  border-radius: 44px;
  color: #81868C;
  background: #F6F7F9;
  font-family: 'Poppins',sans-serif;
  font-style: normal;
  font-weight: 400;
  font-size: 12px;
  line-height: 18px;
}

.emotion-5 {
  -webkit-flex: 0 0 32px;
  -ms-flex: 0 0 32px;
  flex: 0 0 32px;
}

.emotion-6 {
  color: #191A1A;
  background: #F6F7F9;
  padding: 6px;
  border-radius: 8px;
  -webkit-transition: all 0.3s;
  transition: all 0.3s;
  width: 32px;
  height: 32px;
}

<div
    class="emotion-0"
  >
    <div
      class="emotion-1"
    >
      <div
        class="emotion-2"
      >
        <div
          class="emotion-3"
        >
          FormSelect
        </div>
        <div
          class="emotion-4"
        >
          Not set
        </div>
      </div>
      <div
        class="emotion-5"
      >
        <div
          class="expander emotion-6"
        >
          <svg
            fill="none"
            height="20"
            viewBox="0 0 20 20"
            width="20"
            xmlns="http://www.w3.org/2000/svg"
          >
            <path
              d="M5.59 6.912a.833.833 0 1 0-1.18 1.179l5 5a.833.833 0 0 0 1.18 0l5-5a.833.833 0 0 0-1.18-1.179L10 11.322z"
              fill="currentcolor"
            />
          </svg>
        </div>
      </div>
    </div>
  </div>
  .emotion-0 {
  border-radius: 8px;
  border: 1px solid #E6E9ED;
  overflow: hidden;
}

.emotion-1 {
  padding: 16px 24px;
  display: -webkit-box;
  display: -webkit-flex;
  display: -ms-flexbox;
  display: flex;
  -webkit-align-items: center;
  -webkit-box-align: center;
  -ms-flex-align: center;
  align-items: center;
  -webkit-box-pack: justify;
  -webkit-justify-content: space-between;
  justify-content: space-between;
  cursor: pointer;
  background: #FFFFFF;
}

.emotion-1:hover {
  background: #F6F7F9;
}

.emotion-1:hover .expander {
  color: #2261AE;
}

.emotion-2 {
  display: -webkit-box;
  display: -webkit-flex;
  display: -ms-flexbox;
  display: flex;
  -webkit-align-items: center;
  -webkit-box-align: center;
  -ms-flex-align: center;
  align-items: center;
  gap: 8px;
}

.emotion-3 {
  font: 'Circular Pro',sans-serif;
  font-size: 16px;
  font-style: normal;
  font-weight: 700;
  line-height: 150%;
  letter-spacing: -0.5px;
  color: #0A2965;
  display: -webkit-box;
  display: -webkit-flex;
  display: -ms-flexbox;
  display: flex;
  -webkit-align-items: center;
  -webkit-box-align: center;
  -ms-flex-align: center;
  align-items: center;
}

.emotion-4 {
  display: -webkit-inline-box;
  display: -webkit-inline-flex;
  display: -ms-inline-flexbox;
  display: inline-flex;
  -webkit-flex-direction: row;
  -ms-flex-direction: row;
  flex-direction: row;
  -webkit-align-items: center;
  -webkit-box-align: center;
  -ms-flex-align: center;
  align-items: center;
  padding: 1px 10px;
  gap: 10px;
  border-radius: 44px;
  color: #81868C;
  background: #F6F7F9;
  font-family: 'Poppins',sans-serif;
  font-style: normal;
  font-weight: 400;
  font-size: 12px;
  line-height: 18px;
}

.emotion-5 {
  -webkit-flex: 0 0 32px;
  -ms-flex: 0 0 32px;
  flex: 0 0 32px;
}

.emotion-6 {
  color: #191A1A;
  background: #F6F7F9;
  padding: 6px;
  border-radius: 8px;
  -webkit-transition: all 0.3s;
  transition: all 0.3s;
  width: 32px;
  height: 32px;
}

<div
    class="emotion-0"
  >
    <div
      class="emotion-1"
    >
      <div
        class="emotion-2"
      >
        <div
          class="emotion-3"
        >
          FormInput
        </div>
        <div
          class="emotion-4"
        >
          Not set
        </div>
      </div>
      <div
        class="emotion-5"
      >
        <div
          class="expander emotion-6"
        >
          <svg
            fill="none"
            height="20"
            viewBox="0 0 20 20"
            width="20"
            xmlns="http://www.w3.org/2000/svg"
          >
            <path
              d="M5.59 6.912a.833.833 0 1 0-1.18 1.179l5 5a.833.833 0 0 0 1.18 0l5-5a.833.833 0 0 0-1.18-1.179L10 11.322z"
              fill="currentcolor"
            />
          </svg>
        </div>
      </div>
    </div>
  </div>
  .emotion-0 {
  border-radius: 8px;
  border: 1px solid #E6E9ED;
  overflow: hidden;
}

.emotion-1 {
  padding: 16px 24px;
  display: -webkit-box;
  display: -webkit-flex;
  display: -ms-flexbox;
  display: flex;
  -webkit-align-items: center;
  -webkit-box-align: center;
  -ms-flex-align: center;
  align-items: center;
  -webkit-box-pack: justify;
  -webkit-justify-content: space-between;
  justify-content: space-between;
  cursor: pointer;
  background: #FFFFFF;
}

.emotion-1:hover {
  background: #F6F7F9;
}

.emotion-1:hover .expander {
  color: #2261AE;
}

.emotion-2 {
  display: -webkit-box;
  display: -webkit-flex;
  display: -ms-flexbox;
  display: flex;
  -webkit-align-items: center;
  -webkit-box-align: center;
  -ms-flex-align: center;
  align-items: center;
  gap: 8px;
}

.emotion-3 {
  font: 'Circular Pro',sans-serif;
  font-size: 16px;
  font-style: normal;
  font-weight: 700;
  line-height: 150%;
  letter-spacing: -0.5px;
  color: #0A2965;
  display: -webkit-box;
  display: -webkit-flex;
  display: -ms-flexbox;
  display: flex;
  -webkit-align-items: center;
  -webkit-box-align: center;
  -ms-flex-align: center;
  align-items: center;
}

.emotion-4 {
  display: -webkit-inline-box;
  display: -webkit-inline-flex;
  display: -ms-inline-flexbox;
  display: inline-flex;
  -webkit-flex-direction: row;
  -ms-flex-direction: row;
  flex-direction: row;
  -webkit-align-items: center;
  -webkit-box-align: center;
  -ms-flex-align: center;
  align-items: center;
  padding: 1px 10px;
  gap: 10px;
  border-radius: 44px;
  color: #81868C;
  background: #F6F7F9;
  font-family: 'Poppins',sans-serif;
  font-style: normal;
  font-weight: 400;
  font-size: 12px;
  line-height: 18px;
}

.emotion-5 {
  -webkit-flex: 0 0 32px;
  -ms-flex: 0 0 32px;
  flex: 0 0 32px;
}

.emotion-6 {
  color: #191A1A;
  background: #F6F7F9;
  padding: 6px;
  border-radius: 8px;
  -webkit-transition: all 0.3s;
  transition: all 0.3s;
  width: 32px;
  height: 32px;
}

<div
    class="emotion-0"
  >
    <div
      class="emotion-1"
    >
      <div
        class="emotion-2"
      >
        <div
          class="emotion-3"
        >
          FormInput single
        </div>
        <div
          class="emotion-4"
        >
          Not set
        </div>
      </div>
      <div
        class="emotion-5"
      >
        <div
          class="expander emotion-6"
        >
          <svg
            fill="none"
            height="20"
            viewBox="0 0 20 20"
            width="20"
            xmlns="http://www.w3.org/2000/svg"
          >
            <path
              d="M5.59 6.912a.833.833 0 1 0-1.18 1.179l5 5a.833.833 0 0 0 1.18 0l5-5a.833.833 0 0 0-1.18-1.179L10 11.322z"
              fill="currentcolor"
            />
          </svg>
        </div>
      </div>
    </div>
  </div>
</DocumentFragment>
`;
