// Jest Snapshot v1, https://goo.gl/fbAQLP

exports[`<BottomPanel> renders attribute and value when provided 1`] = `
<DocumentFragment>
  .emotion-0 {
  position: fixed;
  left: 280px;
  bottom: 0;
  right: 0;
  z-index: 20;
  -webkit-transition: all 300ms;
  transition: all 300ms;
}

.emotion-1 {
  padding: 20px 50px;
  display: -webkit-box;
  display: -webkit-flex;
  display: -ms-flexbox;
  display: flex;
  -webkit-box-pack: justify;
  -webkit-justify-content: space-between;
  justify-content: space-between;
  -webkit-align-items: center;
  -webkit-box-align: center;
  -ms-flex-align: center;
  align-items: center;
  -webkit-box-flex-wrap: wrap;
  -webkit-flex-wrap: wrap;
  -ms-flex-wrap: wrap;
  flex-wrap: wrap;
  background: #FFFFFF;
  box-shadow: 0 -30px 20px rgba(28, 52, 99, 0.05);
  -webkit-transition: all 0.35s;
  transition: all 0.35s;
}

.emotion-2 {
  display: -webkit-box;
  display: -webkit-flex;
  display: -ms-flexbox;
  display: flex;
  -webkit-align-items: center;
  -webkit-box-align: center;
  -ms-flex-align: center;
  align-items: center;
}

.emotion-3 {
  font-family: 'Poppins',sans-serif;
  font-style: normal;
  font-weight: 400;
  font-size: 16px;
  line-height: 24px;
  color: #0A2965;
}

.emotion-4 {
  display: -webkit-box;
  display: -webkit-flex;
  display: -ms-flexbox;
  display: flex;
  -webkit-align-items: center;
  -webkit-box-align: center;
  -ms-flex-align: center;
  align-items: center;
  font-family: 'Poppins',sans-serif;
  font-style: normal;
  font-weight: 600;
  font-size: 16px;
  line-height: 24px;
  color: #0A2965;
}

.emotion-5 {
  margin: 0 -4px;
  display: -webkit-box;
  display: -webkit-flex;
  display: -ms-flexbox;
  display: flex;
  -webkit-align-items: center;
  -webkit-box-align: center;
  -ms-flex-align: center;
  align-items: center;
}

.emotion-5>button {
  margin: 0 4px;
}

<div
    class="emotion-0"
    style="opacity: 0; transform: translateY(150px) translateZ(0);"
  >
    <div
      class="emotion-1"
    >
      <div
        class="emotion-2"
      >
        <div
          class="emotion-3"
        >
          Test Attribute:Â 
        </div>
        <div
          class="emotion-4"
        >
          Test Value
        </div>
      </div>
      <div
        class="emotion-5"
      />
    </div>
  </div>
</DocumentFragment>
`;
