// Jest Snapshot v1, https://goo.gl/fbAQLP

exports[`<ConditionalWrapper> render correctly - snapshot 1`] = `
<DocumentFragment>
  .emotion-0 {
  padding: 32px;
  border: 1px dashed #D7D8DA;
  border-radius: 8px;
  cursor: pointer;
}

.emotion-1 {
  display: -webkit-box;
  display: -webkit-flex;
  display: -ms-flexbox;
  display: flex;
  -webkit-flex-direction: column;
  -ms-flex-direction: column;
  flex-direction: column;
  -webkit-align-items: center;
  -webkit-box-align: center;
  -ms-flex-align: center;
  align-items: center;
  color: #81868C;
}

.emotion-2 {
  color: #252626;
  font-weight: 400;
  font-size: 14px;
  line-height: 22px;
  margin: 12px 0 0 0;
}

.emotion-2 span {
  color: #252626;
  -webkit-text-decoration: underline;
  text-decoration: underline;
  cursor: pointer;
}

<div>
    <div>
      <div
        class="dropzone emotion-0"
        role="presentation"
        tabindex="0"
      >
        <input
          multiple=""
          style="display: none;"
          tabindex="-1"
          type="file"
        />
        <div
          class="emotion-1"
        >
          <svg
            fill="none"
            height="50"
            viewBox="0 0 50 61"
            width="50"
            xmlns="http://www.w3.org/2000/svg"
          >
            <path
              d="M.5 6A5.5 5.5 0 0 1 6 .5h23.046A5.5 5.5 0 0 1 32.9 2.077l3.25 3.192 3.705 3.64a5.5 5.5 0 0 1 1.645 3.923V50a5.5 5.5 0 0 1-5.5 5.5H6A5.5 5.5 0 0 1 .5 50z"
              fill="#F6F7F9"
              stroke="#E6E9ED"
            />
            <mask
              height="56"
              id="icon-file-upload_svg__a"
              maskUnits="userSpaceOnUse"
              style="mask-type: alpha;"
              width="42"
              x="0"
              y="0"
            >
              <path
                d="M.5 6A5.5 5.5 0 0 1 6 .5h23.046A5.5 5.5 0 0 1 32.9 2.077l3.25 3.192 3.705 3.64a5.5 5.5 0 0 1 1.645 3.923V50a5.5 5.5 0 0 1-5.5 5.5H6A5.5 5.5 0 0 1 .5 50z"
                fill="#F6F7F9"
                stroke="#D7D8DA"
              />
            </mask>
            <g
              mask="url(#icon-file-upload_svg__a)"
            >
              <path
                d="M30 0h12v12h-9a3 3 0 0 1-3-3z"
                fill="#E6E9ED"
              />
            </g>
            <circle
              cx="34"
              cy="45"
              fill="#2261AE"
              r="16"
            />
            <path
              d="M29.417 50.833a3.751 3.751 0 0 1-1.245-7.29l-.005-.21a4.166 4.166 0 0 1 7.779-2.078 2.5 2.5 0 0 1 3.721 2.98A3.333 3.333 0 0 1 39 50.832zm2.057-5.651a.625.625 0 0 0 .883.883l1.016-1.016v3.492c0 .346.278.625.625.625a.623.623 0 0 0 .625-.625v-3.492l1.015 1.016a.625.625 0 0 0 .883-.883l-2.083-2.084a.62.62 0 0 0-.883 0l-2.083 2.084z"
              fill="#fff"
            />
          </svg>
          <p
            class="emotion-2"
          >
            Title
          </p>
        </div>
        <aside />
      </div>
    </div>
  </div>
</DocumentFragment>
`;
