// Jest Snapshot v1, https://goo.gl/fbAQLP

exports[`<LinkExpander> renders without crashing 1`] = `
<DocumentFragment>
  .emotion-0 {
  border-bottom: 2px solid;
  -webkit-text-decoration: none!important;
  text-decoration: none!important;
  -webkit-transition: all 0.25s;
  transition: all 0.25s;
  padding-bottom: 2px;
  font-weight: bold;
}

.emotion-0:hover {
  -webkit-text-decoration: none;
  text-decoration: none;
  border-bottom-color: transparent;
}

<div>
    <div
      style="opacity: 0;"
    >
      <a
        class="emotion-0"
        href="#"
      >
        Show Name
      </a>
    </div>
  </div>
</DocumentFragment>
`;
