// Jest Snapshot v1, https://goo.gl/fbAQLP

exports[`<Loadable> renders children when condition is true 1`] = `
<DocumentFragment>
  <div>
    Test
  </div>
</DocumentFragment>
`;
